c:\users\alon1\source\repos\final project part i\final pr.650c9eb4\x64\debug\vc143.pdb
c:\users\alon1\source\repos\final project part i\final pr.650c9eb4\x64\debug\vc143.idb
c:\users\alon1\source\repos\final project part i\final pr.650c9eb4\x64\debug\ports.obj
c:\users\alon1\source\repos\final project part i\final pr.650c9eb4\x64\debug\fileloader.obj
c:\users\alon1\source\repos\final project part i\final pr.650c9eb4\x64\debug\stations.obj
c:\users\alon1\source\repos\final project part i\final pr.650c9eb4\x64\debug\main.obj
c:\users\alon1\source\repos\final project part i\final pr.650c9eb4\x64\debug\carbst.obj
c:\users\alon1\source\repos\final project part i\final pr.650c9eb4\x64\debug\carqueue.obj
c:\users\alon1\source\repos\final project part i\final pr.650c9eb4\x64\debug\menufuncs.obj
c:\users\alon1\source\repos\final project part i\final pr.650c9eb4\x64\debug\errors.obj
c:\users\alon1\source\repos\final project part i\x64\debug\final project part i.exe
c:\users\alon1\source\repos\final project part i\x64\debug\final project part i.pdb
c:\users\alon1\source\repos\final project part i\final pr.650c9eb4\x64\debug\final project part i.ilk
c:\users\alon1\source\repos\final project part i\final pr.650c9eb4\x64\debug\final pr.650c9eb4.tlog\cl.command.1.tlog
c:\users\alon1\source\repos\final project part i\final pr.650c9eb4\x64\debug\final pr.650c9eb4.tlog\cl.items.tlog
c:\users\alon1\source\repos\final project part i\final pr.650c9eb4\x64\debug\final pr.650c9eb4.tlog\cl.read.1.tlog
c:\users\alon1\source\repos\final project part i\final pr.650c9eb4\x64\debug\final pr.650c9eb4.tlog\cl.write.1.tlog
c:\users\alon1\source\repos\final project part i\final pr.650c9eb4\x64\debug\final pr.650c9eb4.tlog\link.command.1.tlog
c:\users\alon1\source\repos\final project part i\final pr.650c9eb4\x64\debug\final pr.650c9eb4.tlog\link.read.1.tlog
c:\users\alon1\source\repos\final project part i\final pr.650c9eb4\x64\debug\final pr.650c9eb4.tlog\link.secondary.1.tlog
c:\users\alon1\source\repos\final project part i\final pr.650c9eb4\x64\debug\final pr.650c9eb4.tlog\link.write.1.tlog
